// Jest Snapshot v1, https://goo.gl/fbAQLP

exports[`Channel History Tests should render 1`] = `
Object {
  "asFragment": [Function],
  "baseElement": <body>
    <div>
      <div
        class="chatHistory"
      >
        <ul
          class="channelMessageList"
        >
          <li>
            <div
              class="ui message"
            >
              <i
                aria-hidden="true"
                class="close icon"
              />
              <div
                class="header"
              >
                Adam Rodrigues
              </div>
              <div
                class="content chatBubble"
              >
                <div
                  class="message"
                >
                  Hello, everyone. It's me Adam Rodrigues.
                </div>
                <div
                  class="timestamp"
                >
                  2021-07-22 11:20 am
                </div>
              </div>
              <i
                aria-hidden="true"
                class="edit link icon"
                id="edit-icon"
              />
            </div>
          </li>
          <li>
            <div
              class="ui message"
            >
              <i
                aria-hidden="true"
                class="close icon"
              />
              <div
                class="header"
              >
                Adam Rodrigues
              </div>
              <div
                class="content chatBubble"
              >
                <div
                  class="message"
                >
                  Hello, everyone. It's me Adam Rodrigues.
                </div>
                <div
                  class="timestamp"
                >
                  2021-07-22 11:21 am
                </div>
              </div>
              <i
                aria-hidden="true"
                class="edit link icon"
                id="edit-icon"
              />
            </div>
          </li>
        </ul>
      </div>
    </div>
  </body>,
  "container": <div>
    <div
      class="chatHistory"
    >
      <ul
        class="channelMessageList"
      >
        <li>
          <div
            class="ui message"
          >
            <i
              aria-hidden="true"
              class="close icon"
            />
            <div
              class="header"
            >
              Adam Rodrigues
            </div>
            <div
              class="content chatBubble"
            >
              <div
                class="message"
              >
                Hello, everyone. It's me Adam Rodrigues.
              </div>
              <div
                class="timestamp"
              >
                2021-07-22 11:20 am
              </div>
            </div>
            <i
              aria-hidden="true"
              class="edit link icon"
              id="edit-icon"
            />
          </div>
        </li>
        <li>
          <div
            class="ui message"
          >
            <i
              aria-hidden="true"
              class="close icon"
            />
            <div
              class="header"
            >
              Adam Rodrigues
            </div>
            <div
              class="content chatBubble"
            >
              <div
                class="message"
              >
                Hello, everyone. It's me Adam Rodrigues.
              </div>
              <div
                class="timestamp"
              >
                2021-07-22 11:21 am
              </div>
            </div>
            <i
              aria-hidden="true"
              class="edit link icon"
              id="edit-icon"
            />
          </div>
        </li>
      </ul>
    </div>
  </div>,
  "debug": [Function],
  "findAllByAltText": [Function],
  "findAllByDisplayValue": [Function],
  "findAllByLabelText": [Function],
  "findAllByPlaceholderText": [Function],
  "findAllByRole": [Function],
  "findAllByTestId": [Function],
  "findAllByText": [Function],
  "findAllByTitle": [Function],
  "findByAltText": [Function],
  "findByDisplayValue": [Function],
  "findByLabelText": [Function],
  "findByPlaceholderText": [Function],
  "findByRole": [Function],
  "findByTestId": [Function],
  "findByText": [Function],
  "findByTitle": [Function],
  "getAllByAltText": [Function],
  "getAllByDisplayValue": [Function],
  "getAllByLabelText": [Function],
  "getAllByPlaceholderText": [Function],
  "getAllByRole": [Function],
  "getAllByTestId": [Function],
  "getAllByText": [Function],
  "getAllByTitle": [Function],
  "getByAltText": [Function],
  "getByDisplayValue": [Function],
  "getByLabelText": [Function],
  "getByPlaceholderText": [Function],
  "getByRole": [Function],
  "getByTestId": [Function],
  "getByText": [Function],
  "getByTitle": [Function],
  "queryAllByAltText": [Function],
  "queryAllByDisplayValue": [Function],
  "queryAllByLabelText": [Function],
  "queryAllByPlaceholderText": [Function],
  "queryAllByRole": [Function],
  "queryAllByTestId": [Function],
  "queryAllByText": [Function],
  "queryAllByTitle": [Function],
  "queryByAltText": [Function],
  "queryByDisplayValue": [Function],
  "queryByLabelText": [Function],
  "queryByPlaceholderText": [Function],
  "queryByRole": [Function],
  "queryByTestId": [Function],
  "queryByText": [Function],
  "queryByTitle": [Function],
  "rerender": [Function],
  "unmount": [Function],
}
`;
